#! /c/Source/iverilog-install/bin/vvp
:ivl_version "12.0 (devel)" "(s20150603-1539-g2693dd32b)";
:ivl_delay_selection "TYPICAL";
:vpi_time_precision - 12;
:vpi_module "C:\iverilog\lib\ivl\system.vpi";
:vpi_module "C:\iverilog\lib\ivl\vhdl_sys.vpi";
:vpi_module "C:\iverilog\lib\ivl\vhdl_textio.vpi";
:vpi_module "C:\iverilog\lib\ivl\v2005_math.vpi";
:vpi_module "C:\iverilog\lib\ivl\va_math.vpi";
S_0000027b06762e10 .scope module, "data_memory" "data_memory" 2 2;
 .timescale -9 -12;
    .port_info 0 /INPUT 32 "addr";
    .port_info 1 /INPUT 32 "write_data";
    .port_info 2 /INPUT 1 "memread";
    .port_info 3 /INPUT 1 "memwrite";
    .port_info 4 /OUTPUT 32 "read_data";
v0000027b067634f0 .array "DMEM", 255 0, 31 0;
o0000027b06796fd8 .functor BUFZ 32, C4<zzzzzzzzzzzzzzzzzzzzzzzzzzzzzzzz>; HiZ drive
v0000027b06762fa0_0 .net "addr", 31 0, o0000027b06796fd8;  0 drivers
v0000027b0674bcd0_0 .var/i "i", 31 0;
o0000027b06797038 .functor BUFZ 1, C4<z>; HiZ drive
v0000027b06763040_0 .net "memread", 0 0, o0000027b06797038;  0 drivers
o0000027b06797068 .functor BUFZ 1, C4<z>; HiZ drive
v0000027b067630e0_0 .net "memwrite", 0 0, o0000027b06797068;  0 drivers
v0000027b067db840_0 .var "read_data", 31 0;
o0000027b067970c8 .functor BUFZ 32, C4<zzzzzzzzzzzzzzzzzzzzzzzzzzzzzzzz>; HiZ drive
v0000027b067db8e0_0 .net "write_data", 31 0, o0000027b067970c8;  0 drivers
E_0000027b0674c410 .event anyedge, v0000027b06762fa0_0;
    .scope S_0000027b06762e10;
T_0 ;
    %pushi/vec4 0, 0, 32;
    %assign/vec4 v0000027b067db840_0, 0;
    %vpi_call 2 17 "$readmemb", "data.txt", v0000027b067634f0 {0 0 0};
    %pushi/vec4 0, 0, 32;
    %store/vec4 v0000027b0674bcd0_0, 0, 32;
T_0.0 ;
    %load/vec4 v0000027b0674bcd0_0;
    %cmpi/s 6, 0, 32;
    %jmp/0xz T_0.1, 5;
    %vpi_call 2 19 "$display", "\011DMEM[%0d] = %0b", v0000027b0674bcd0_0, &A<v0000027b067634f0, v0000027b0674bcd0_0 > {0 0 0};
    %load/vec4 v0000027b0674bcd0_0;
    %addi 1, 0, 32;
    %store/vec4 v0000027b0674bcd0_0, 0, 32;
    %jmp T_0.0;
T_0.1 ;
    %end;
    .thread T_0;
    .scope S_0000027b06762e10;
T_1 ;
    %wait E_0000027b0674c410;
    %load/vec4 v0000027b06763040_0;
    %flag_set/vec4 8;
    %jmp/0xz  T_1.0, 8;
    %ix/getv 4, v0000027b06762fa0_0;
    %load/vec4a v0000027b067634f0, 4;
    %assign/vec4 v0000027b067db840_0, 0;
T_1.0 ;
    %load/vec4 v0000027b067630e0_0;
    %flag_set/vec4 8;
    %jmp/0xz  T_1.2, 8;
    %load/vec4 v0000027b067db8e0_0;
    %ix/getv 3, v0000027b06762fa0_0;
    %ix/load 4, 0, 0; Constant delay
    %assign/vec4/a/d v0000027b067634f0, 0, 4;
T_1.2 ;
    %jmp T_1;
    .thread T_1, $push;
# The file index is used to find the file name in the following table.
:file_names 3;
    "N/A";
    "<interactive>";
    "data_memory.v";
